[0.064s] DEBUG:colcon:Command line arguments: ['/usr/bin/colcon', 'build']
[0.064s] DEBUG:colcon:Parsed command line arguments: Namespace(log_base=None, log_level=None, verb_name='build', build_base='build', install_base='install', merge_install=False, symlink_install=False, test_result_base=None, continue_on_error=False, executor='parallel', parallel_workers=16, event_handlers=None, ignore_user_meta=False, metas=['./colcon.meta'], base_paths=['.'], packages_ignore=None, packages_ignore_regex=None, paths=None, packages_up_to=None, packages_up_to_regex=None, packages_above=None, packages_above_and_dependencies=None, packages_above_depth=None, packages_select_by_dep=None, packages_skip_by_dep=None, packages_skip_up_to=None, packages_select_build_failed=False, packages_skip_build_finished=False, packages_select_test_failures=False, packages_skip_test_passed=False, packages_select=None, packages_skip=None, packages_select_regex=None, packages_skip_regex=None, packages_start=None, packages_end=None, cmake_args=None, cmake_target=None, cmake_target_skip_unavailable=False, cmake_clean_cache=False, cmake_clean_first=False, cmake_force_configure=False, ament_cmake_args=None, catkin_cmake_args=None, catkin_skip_building_tests=False, mixin_files=None, mixin=None, verb_parser=<colcon_mixin.mixin.mixin_argument.MixinArgumentDecorator object at 0x7d5b122273d0>, verb_extension=<colcon_core.verb.build.BuildVerb object at 0x7d5b12226e30>, main=<bound method BuildVerb.main of <colcon_core.verb.build.BuildVerb object at 0x7d5b12226e30>>, mixin_verb=('build',))
[0.140s] Level 1:colcon.colcon_core.package_discovery:discover_packages(colcon_meta) check parameters
[0.140s] INFO:colcon.colcon_metadata.package_discovery.colcon_meta:Using configuration from '/root/.colcon/metadata/default/Gazebo.meta'
[0.141s] INFO:colcon.colcon_metadata.package_discovery.colcon_meta:Using configuration from '/root/.colcon/metadata/default/fastdds.meta'
[0.141s] INFO:colcon.colcon_metadata.package_discovery.colcon_meta:Using configuration from '/root/.colcon/metadata/default/fastrtps.meta'
[0.141s] Level 1:colcon.colcon_core.package_discovery:discover_packages(recursive) check parameters
[0.141s] Level 1:colcon.colcon_core.package_discovery:discover_packages(ignore) check parameters
[0.141s] Level 1:colcon.colcon_core.package_discovery:discover_packages(path) check parameters
[0.141s] Level 1:colcon.colcon_core.package_discovery:discover_packages(colcon_meta) discover
[0.141s] Level 1:colcon.colcon_core.package_discovery:discover_packages(recursive) discover
[0.141s] INFO:colcon.colcon_core.package_discovery:Crawling recursively for packages in '/root/ws'
[0.141s] Level 1:colcon.colcon_core.package_identification:_identify(.) by extensions ['ignore', 'ignore_ament_install']
[0.141s] Level 1:colcon.colcon_core.package_identification:_identify(.) by extension 'ignore'
[0.141s] Level 1:colcon.colcon_core.package_identification:_identify(.) by extension 'ignore_ament_install'
[0.141s] Level 1:colcon.colcon_core.package_identification:_identify(.) by extensions ['colcon_pkg']
[0.141s] Level 1:colcon.colcon_core.package_identification:_identify(.) by extension 'colcon_pkg'
[0.141s] Level 1:colcon.colcon_core.package_identification:_identify(.) by extensions ['colcon_meta']
[0.141s] Level 1:colcon.colcon_core.package_identification:_identify(.) by extension 'colcon_meta'
[0.141s] Level 1:colcon.colcon_core.package_identification:_identify(.) by extensions ['ros']
[0.141s] Level 1:colcon.colcon_core.package_identification:_identify(.) by extension 'ros'
[0.148s] Level 1:colcon.colcon_core.package_identification:_identify(.) by extensions ['cmake', 'python']
[0.148s] Level 1:colcon.colcon_core.package_identification:_identify(.) by extension 'cmake'
[0.148s] Level 1:colcon.colcon_core.package_identification:_identify(.) by extension 'python'
[0.148s] Level 1:colcon.colcon_core.package_identification:_identify(.) by extensions ['python_setup_py']
[0.148s] Level 1:colcon.colcon_core.package_identification:_identify(.) by extension 'python_setup_py'
[0.148s] Level 1:colcon.colcon_core.package_identification:_identify(build) by extensions ['ignore', 'ignore_ament_install']
[0.148s] Level 1:colcon.colcon_core.package_identification:_identify(build) by extension 'ignore'
[0.148s] Level 1:colcon.colcon_core.package_identification:_identify(build) ignored
[0.148s] Level 1:colcon.colcon_core.package_identification:_identify(install) by extensions ['ignore', 'ignore_ament_install']
[0.148s] Level 1:colcon.colcon_core.package_identification:_identify(install) by extension 'ignore'
[0.148s] Level 1:colcon.colcon_core.package_identification:_identify(install) ignored
[0.148s] Level 1:colcon.colcon_core.package_identification:_identify(log) by extensions ['ignore', 'ignore_ament_install']
[0.149s] Level 1:colcon.colcon_core.package_identification:_identify(log) by extension 'ignore'
[0.149s] Level 1:colcon.colcon_core.package_identification:_identify(log) ignored
[0.149s] Level 1:colcon.colcon_core.package_identification:_identify(src) by extensions ['ignore', 'ignore_ament_install']
[0.149s] Level 1:colcon.colcon_core.package_identification:_identify(src) by extension 'ignore'
[0.149s] Level 1:colcon.colcon_core.package_identification:_identify(src) by extension 'ignore_ament_install'
[0.149s] Level 1:colcon.colcon_core.package_identification:_identify(src) by extensions ['colcon_pkg']
[0.149s] Level 1:colcon.colcon_core.package_identification:_identify(src) by extension 'colcon_pkg'
[0.149s] Level 1:colcon.colcon_core.package_identification:_identify(src) by extensions ['colcon_meta']
[0.149s] Level 1:colcon.colcon_core.package_identification:_identify(src) by extension 'colcon_meta'
[0.149s] Level 1:colcon.colcon_core.package_identification:_identify(src) by extensions ['ros']
[0.149s] Level 1:colcon.colcon_core.package_identification:_identify(src) by extension 'ros'
[0.149s] Level 1:colcon.colcon_core.package_identification:_identify(src) by extensions ['cmake', 'python']
[0.149s] Level 1:colcon.colcon_core.package_identification:_identify(src) by extension 'cmake'
[0.149s] Level 1:colcon.colcon_core.package_identification:_identify(src) by extension 'python'
[0.149s] Level 1:colcon.colcon_core.package_identification:_identify(src) by extensions ['python_setup_py']
[0.149s] Level 1:colcon.colcon_core.package_identification:_identify(src) by extension 'python_setup_py'
[0.149s] Level 1:colcon.colcon_core.package_identification:_identify(src/custom_control_pkg) by extensions ['ignore', 'ignore_ament_install']
[0.149s] Level 1:colcon.colcon_core.package_identification:_identify(src/custom_control_pkg) by extension 'ignore'
[0.149s] Level 1:colcon.colcon_core.package_identification:_identify(src/custom_control_pkg) by extension 'ignore_ament_install'
[0.149s] Level 1:colcon.colcon_core.package_identification:_identify(src/custom_control_pkg) by extensions ['colcon_pkg']
[0.149s] Level 1:colcon.colcon_core.package_identification:_identify(src/custom_control_pkg) by extension 'colcon_pkg'
[0.149s] Level 1:colcon.colcon_core.package_identification:_identify(src/custom_control_pkg) by extensions ['colcon_meta']
[0.149s] Level 1:colcon.colcon_core.package_identification:_identify(src/custom_control_pkg) by extension 'colcon_meta'
[0.149s] Level 1:colcon.colcon_core.package_identification:_identify(src/custom_control_pkg) by extensions ['ros']
[0.149s] Level 1:colcon.colcon_core.package_identification:_identify(src/custom_control_pkg) by extension 'ros'
[0.151s] DEBUG:colcon.colcon_core.package_identification:Package 'src/custom_control_pkg' with type 'ros.ament_python' and name 'custom_control_pkg'
[0.151s] Level 1:colcon.colcon_core.package_identification:_identify(src/px4_msgs) by extensions ['ignore', 'ignore_ament_install']
[0.151s] Level 1:colcon.colcon_core.package_identification:_identify(src/px4_msgs) by extension 'ignore'
[0.151s] Level 1:colcon.colcon_core.package_identification:_identify(src/px4_msgs) by extension 'ignore_ament_install'
[0.151s] Level 1:colcon.colcon_core.package_identification:_identify(src/px4_msgs) by extensions ['colcon_pkg']
[0.151s] Level 1:colcon.colcon_core.package_identification:_identify(src/px4_msgs) by extension 'colcon_pkg'
[0.151s] Level 1:colcon.colcon_core.package_identification:_identify(src/px4_msgs) by extensions ['colcon_meta']
[0.151s] Level 1:colcon.colcon_core.package_identification:_identify(src/px4_msgs) by extension 'colcon_meta'
[0.151s] Level 1:colcon.colcon_core.package_identification:_identify(src/px4_msgs) by extensions ['ros']
[0.151s] Level 1:colcon.colcon_core.package_identification:_identify(src/px4_msgs) by extension 'ros'
[0.151s] DEBUG:colcon.colcon_core.package_identification:Package 'src/px4_msgs' with type 'ros.ament_cmake' and name 'px4_msgs'
[0.151s] Level 1:colcon.colcon_core.package_discovery:discover_packages(recursive) using defaults
[0.151s] Level 1:colcon.colcon_core.package_discovery:discover_packages(ignore) discover
[0.151s] Level 1:colcon.colcon_core.package_discovery:discover_packages(ignore) using defaults
[0.151s] Level 1:colcon.colcon_core.package_discovery:discover_packages(path) discover
[0.151s] Level 1:colcon.colcon_core.package_discovery:discover_packages(path) using defaults
[0.164s] Level 5:colcon.colcon_core.verb:set package 'px4_msgs' build argument 'cmake_args' from command line to 'None'
[0.164s] Level 5:colcon.colcon_core.verb:set package 'px4_msgs' build argument 'cmake_target' from command line to 'None'
[0.164s] Level 5:colcon.colcon_core.verb:set package 'px4_msgs' build argument 'cmake_target_skip_unavailable' from command line to 'False'
[0.164s] Level 5:colcon.colcon_core.verb:set package 'px4_msgs' build argument 'cmake_clean_cache' from command line to 'False'
[0.164s] Level 5:colcon.colcon_core.verb:set package 'px4_msgs' build argument 'cmake_clean_first' from command line to 'False'
[0.164s] Level 5:colcon.colcon_core.verb:set package 'px4_msgs' build argument 'cmake_force_configure' from command line to 'False'
[0.164s] Level 5:colcon.colcon_core.verb:set package 'px4_msgs' build argument 'ament_cmake_args' from command line to 'None'
[0.164s] Level 5:colcon.colcon_core.verb:set package 'px4_msgs' build argument 'catkin_cmake_args' from command line to 'None'
[0.164s] Level 5:colcon.colcon_core.verb:set package 'px4_msgs' build argument 'catkin_skip_building_tests' from command line to 'False'
[0.164s] DEBUG:colcon.colcon_core.verb:Building package 'px4_msgs' with the following arguments: {'ament_cmake_args': None, 'build_base': '/root/ws/build/px4_msgs', 'catkin_cmake_args': None, 'catkin_skip_building_tests': False, 'cmake_args': None, 'cmake_clean_cache': False, 'cmake_clean_first': False, 'cmake_force_configure': False, 'cmake_target': None, 'cmake_target_skip_unavailable': False, 'install_base': '/root/ws/install/px4_msgs', 'merge_install': False, 'path': '/root/ws/src/px4_msgs', 'symlink_install': False, 'test_result_base': None}
[0.164s] Level 5:colcon.colcon_core.verb:set package 'custom_control_pkg' build argument 'cmake_args' from command line to 'None'
[0.164s] Level 5:colcon.colcon_core.verb:set package 'custom_control_pkg' build argument 'cmake_target' from command line to 'None'
[0.164s] Level 5:colcon.colcon_core.verb:set package 'custom_control_pkg' build argument 'cmake_target_skip_unavailable' from command line to 'False'
[0.164s] Level 5:colcon.colcon_core.verb:set package 'custom_control_pkg' build argument 'cmake_clean_cache' from command line to 'False'
[0.164s] Level 5:colcon.colcon_core.verb:set package 'custom_control_pkg' build argument 'cmake_clean_first' from command line to 'False'
[0.164s] Level 5:colcon.colcon_core.verb:set package 'custom_control_pkg' build argument 'cmake_force_configure' from command line to 'False'
[0.164s] Level 5:colcon.colcon_core.verb:set package 'custom_control_pkg' build argument 'ament_cmake_args' from command line to 'None'
[0.164s] Level 5:colcon.colcon_core.verb:set package 'custom_control_pkg' build argument 'catkin_cmake_args' from command line to 'None'
[0.164s] Level 5:colcon.colcon_core.verb:set package 'custom_control_pkg' build argument 'catkin_skip_building_tests' from command line to 'False'
[0.164s] DEBUG:colcon.colcon_core.verb:Building package 'custom_control_pkg' with the following arguments: {'ament_cmake_args': None, 'build_base': '/root/ws/build/custom_control_pkg', 'catkin_cmake_args': None, 'catkin_skip_building_tests': False, 'cmake_args': None, 'cmake_clean_cache': False, 'cmake_clean_first': False, 'cmake_force_configure': False, 'cmake_target': None, 'cmake_target_skip_unavailable': False, 'install_base': '/root/ws/install/custom_control_pkg', 'merge_install': False, 'path': '/root/ws/src/custom_control_pkg', 'symlink_install': False, 'test_result_base': None}
[0.164s] INFO:colcon.colcon_core.executor:Executing jobs using 'parallel' executor
[0.165s] DEBUG:colcon.colcon_parallel_executor.executor.parallel:run_until_complete
[0.165s] INFO:colcon.colcon_ros.task.ament_cmake.build:Building ROS package in '/root/ws/src/px4_msgs' with build type 'ament_cmake'
[0.165s] INFO:colcon.colcon_cmake.task.cmake.build:Building CMake package in '/root/ws/src/px4_msgs'
[0.166s] INFO:colcon.colcon_core.plugin_system:Skipping extension 'colcon_core.shell.bat': Not used on non-Windows systems
[0.166s] INFO:colcon.colcon_core.shell:Skip shell extension 'powershell' for command environment: Not usable outside of PowerShell
[0.166s] DEBUG:colcon.colcon_core.shell:Skip shell extension 'dsv' for command environment
[0.173s] DEBUG:colcon.colcon_core.event_handler.log_command:Invoking command in '/root/ws/build/px4_msgs': CMAKE_PREFIX_PATH=/opt/ros/humble /usr/bin/cmake /root/ws/src/px4_msgs -DCMAKE_INSTALL_PREFIX=/root/ws/install/px4_msgs
[2.786s] DEBUG:colcon.colcon_core.event_handler.log_command:Invoked command in '/root/ws/build/px4_msgs' returned '0': CMAKE_PREFIX_PATH=/opt/ros/humble /usr/bin/cmake /root/ws/src/px4_msgs -DCMAKE_INSTALL_PREFIX=/root/ws/install/px4_msgs
[2.787s] DEBUG:colcon.colcon_core.event_handler.log_command:Invoking command in '/root/ws/build/px4_msgs': CMAKE_PREFIX_PATH=/opt/ros/humble /usr/bin/cmake --build /root/ws/build/px4_msgs -- -j16 -l16
[129.619s] DEBUG:colcon.colcon_core.event_handler.log_command:Invoked command in '/root/ws/build/px4_msgs' returned '0': CMAKE_PREFIX_PATH=/opt/ros/humble /usr/bin/cmake --build /root/ws/build/px4_msgs -- -j16 -l16
[129.625s] DEBUG:colcon.colcon_core.event_handler.log_command:Invoking command in '/root/ws/build/px4_msgs': CMAKE_PREFIX_PATH=/opt/ros/humble /usr/bin/cmake --install /root/ws/build/px4_msgs
[130.768s] Level 1:colcon.colcon_core.environment:create_environment_scripts_only(px4_msgs)
[130.768s] DEBUG:colcon.colcon_core.event_handler.log_command:Invoked command in '/root/ws/build/px4_msgs' returned '0': CMAKE_PREFIX_PATH=/opt/ros/humble /usr/bin/cmake --install /root/ws/build/px4_msgs
[130.770s] Level 1:colcon.colcon_core.environment:checking '/root/ws/install/px4_msgs' for CMake module files
[130.770s] Level 1:colcon.colcon_core.environment:checking '/root/ws/install/px4_msgs' for CMake config files
[130.771s] Level 1:colcon.colcon_core.shell:create_environment_hook('px4_msgs', 'cmake_prefix_path')
[130.771s] INFO:colcon.colcon_core.shell:Creating environment hook '/root/ws/install/px4_msgs/share/px4_msgs/hook/cmake_prefix_path.ps1'
[130.771s] INFO:colcon.colcon_core.shell:Creating environment descriptor '/root/ws/install/px4_msgs/share/px4_msgs/hook/cmake_prefix_path.dsv'
[130.772s] INFO:colcon.colcon_core.shell:Creating environment hook '/root/ws/install/px4_msgs/share/px4_msgs/hook/cmake_prefix_path.sh'
[130.772s] Level 1:colcon.colcon_core.environment:checking '/root/ws/install/px4_msgs/lib'
[130.772s] Level 1:colcon.colcon_core.shell:create_environment_hook('px4_msgs', 'ld_library_path_lib')
[130.772s] INFO:colcon.colcon_core.shell:Creating environment hook '/root/ws/install/px4_msgs/share/px4_msgs/hook/ld_library_path_lib.ps1'
[130.773s] INFO:colcon.colcon_core.shell:Creating environment descriptor '/root/ws/install/px4_msgs/share/px4_msgs/hook/ld_library_path_lib.dsv'
[130.773s] INFO:colcon.colcon_core.shell:Creating environment hook '/root/ws/install/px4_msgs/share/px4_msgs/hook/ld_library_path_lib.sh'
[130.773s] Level 1:colcon.colcon_core.environment:checking '/root/ws/install/px4_msgs/bin'
[130.773s] Level 1:colcon.colcon_core.environment:checking '/root/ws/install/px4_msgs/lib/pkgconfig/px4_msgs.pc'
[130.774s] Level 1:colcon.colcon_core.environment:checking '/root/ws/install/px4_msgs/lib/python3.10/site-packages'
[130.774s] Level 1:colcon.colcon_core.environment:checking '/root/ws/install/px4_msgs/bin'
[130.774s] INFO:colcon.colcon_core.shell:Creating package script '/root/ws/install/px4_msgs/share/px4_msgs/package.ps1'
[130.775s] INFO:colcon.colcon_core.shell:Creating package descriptor '/root/ws/install/px4_msgs/share/px4_msgs/package.dsv'
[130.775s] INFO:colcon.colcon_core.shell:Creating package script '/root/ws/install/px4_msgs/share/px4_msgs/package.sh'
[130.776s] INFO:colcon.colcon_core.shell:Creating package script '/root/ws/install/px4_msgs/share/px4_msgs/package.bash'
[130.776s] INFO:colcon.colcon_core.shell:Creating package script '/root/ws/install/px4_msgs/share/px4_msgs/package.zsh'
[130.776s] Level 1:colcon.colcon_core.environment:create_file_with_runtime_dependencies(/root/ws/install/px4_msgs/share/colcon-core/packages/px4_msgs)
[130.777s] Level 1:colcon.colcon_core.environment:create_environment_scripts_only(px4_msgs)
[130.777s] Level 1:colcon.colcon_core.environment:checking '/root/ws/install/px4_msgs' for CMake module files
[130.777s] Level 1:colcon.colcon_core.environment:checking '/root/ws/install/px4_msgs' for CMake config files
[130.778s] Level 1:colcon.colcon_core.shell:create_environment_hook('px4_msgs', 'cmake_prefix_path')
[130.778s] INFO:colcon.colcon_core.shell:Creating environment hook '/root/ws/install/px4_msgs/share/px4_msgs/hook/cmake_prefix_path.ps1'
[130.778s] INFO:colcon.colcon_core.shell:Creating environment descriptor '/root/ws/install/px4_msgs/share/px4_msgs/hook/cmake_prefix_path.dsv'
[130.778s] INFO:colcon.colcon_core.shell:Creating environment hook '/root/ws/install/px4_msgs/share/px4_msgs/hook/cmake_prefix_path.sh'
[130.779s] Level 1:colcon.colcon_core.environment:checking '/root/ws/install/px4_msgs/lib'
[130.779s] Level 1:colcon.colcon_core.shell:create_environment_hook('px4_msgs', 'ld_library_path_lib')
[130.779s] INFO:colcon.colcon_core.shell:Creating environment hook '/root/ws/install/px4_msgs/share/px4_msgs/hook/ld_library_path_lib.ps1'
[130.779s] INFO:colcon.colcon_core.shell:Creating environment descriptor '/root/ws/install/px4_msgs/share/px4_msgs/hook/ld_library_path_lib.dsv'
[130.779s] INFO:colcon.colcon_core.shell:Creating environment hook '/root/ws/install/px4_msgs/share/px4_msgs/hook/ld_library_path_lib.sh'
[130.779s] Level 1:colcon.colcon_core.environment:checking '/root/ws/install/px4_msgs/bin'
[130.779s] Level 1:colcon.colcon_core.environment:checking '/root/ws/install/px4_msgs/lib/pkgconfig/px4_msgs.pc'
[130.780s] Level 1:colcon.colcon_core.environment:checking '/root/ws/install/px4_msgs/lib/python3.10/site-packages'
[130.780s] Level 1:colcon.colcon_core.environment:checking '/root/ws/install/px4_msgs/bin'
[130.780s] INFO:colcon.colcon_core.shell:Creating package script '/root/ws/install/px4_msgs/share/px4_msgs/package.ps1'
[130.781s] INFO:colcon.colcon_core.shell:Creating package descriptor '/root/ws/install/px4_msgs/share/px4_msgs/package.dsv'
[130.781s] INFO:colcon.colcon_core.shell:Creating package script '/root/ws/install/px4_msgs/share/px4_msgs/package.sh'
[130.781s] INFO:colcon.colcon_core.shell:Creating package script '/root/ws/install/px4_msgs/share/px4_msgs/package.bash'
[130.782s] INFO:colcon.colcon_core.shell:Creating package script '/root/ws/install/px4_msgs/share/px4_msgs/package.zsh'
[130.782s] Level 1:colcon.colcon_core.environment:create_file_with_runtime_dependencies(/root/ws/install/px4_msgs/share/colcon-core/packages/px4_msgs)
[130.782s] INFO:colcon.colcon_ros.task.ament_python.build:Building ROS package in '/root/ws/src/custom_control_pkg' with build type 'ament_python'
[130.782s] Level 1:colcon.colcon_core.shell:create_environment_hook('custom_control_pkg', 'ament_prefix_path')
[130.782s] INFO:colcon.colcon_core.shell:Creating environment hook '/root/ws/install/custom_control_pkg/share/custom_control_pkg/hook/ament_prefix_path.ps1'
[130.783s] INFO:colcon.colcon_core.shell:Creating environment descriptor '/root/ws/install/custom_control_pkg/share/custom_control_pkg/hook/ament_prefix_path.dsv'
[130.783s] INFO:colcon.colcon_core.shell:Creating environment hook '/root/ws/install/custom_control_pkg/share/custom_control_pkg/hook/ament_prefix_path.sh'
[130.783s] INFO:colcon.colcon_core.shell:Skip shell extension 'powershell' for command environment: Not usable outside of PowerShell
[130.783s] DEBUG:colcon.colcon_core.shell:Skip shell extension 'dsv' for command environment
[130.917s] INFO:colcon.colcon_core.task.python.build:Building Python package in '/root/ws/src/custom_control_pkg'
[130.917s] INFO:colcon.colcon_core.shell:Skip shell extension 'powershell' for command environment: Not usable outside of PowerShell
[130.917s] DEBUG:colcon.colcon_core.shell:Skip shell extension 'dsv' for command environment
[131.097s] DEBUG:colcon.colcon_core.event_handler.log_command:Invoking command in '/root/ws/src/custom_control_pkg': AMENT_PREFIX_PATH=/root/ws/install/px4_msgs:${AMENT_PREFIX_PATH} CMAKE_PREFIX_PATH=/root/ws/install/px4_msgs LD_LIBRARY_PATH=/root/ws/install/px4_msgs/lib:${LD_LIBRARY_PATH} PYTHONPATH=/root/ws/build/custom_control_pkg/prefix_override:/usr/lib/python3/dist-packages/colcon_core/task/python/colcon_distutils_commands:/root/ws/install/custom_control_pkg/lib/python3.10/site-packages:/root/ws/install/px4_msgs/local/lib/python3.10/dist-packages:${PYTHONPATH} /usr/bin/python3 -W ignore:setup.py install is deprecated -W ignore:easy_install command is deprecated setup.py egg_info --egg-base ../../build/custom_control_pkg build --build-base /root/ws/build/custom_control_pkg/build install --record /root/ws/build/custom_control_pkg/install.log --single-version-externally-managed install_data
[131.257s] Level 1:colcon.colcon_core.environment:checking '/root/ws/install/custom_control_pkg' for CMake module files
[131.257s] DEBUG:colcon.colcon_core.event_handler.log_command:Invoked command in '/root/ws/src/custom_control_pkg' returned '0': AMENT_PREFIX_PATH=/root/ws/install/px4_msgs:${AMENT_PREFIX_PATH} CMAKE_PREFIX_PATH=/root/ws/install/px4_msgs LD_LIBRARY_PATH=/root/ws/install/px4_msgs/lib:${LD_LIBRARY_PATH} PYTHONPATH=/root/ws/build/custom_control_pkg/prefix_override:/usr/lib/python3/dist-packages/colcon_core/task/python/colcon_distutils_commands:/root/ws/install/custom_control_pkg/lib/python3.10/site-packages:/root/ws/install/px4_msgs/local/lib/python3.10/dist-packages:${PYTHONPATH} /usr/bin/python3 -W ignore:setup.py install is deprecated -W ignore:easy_install command is deprecated setup.py egg_info --egg-base ../../build/custom_control_pkg build --build-base /root/ws/build/custom_control_pkg/build install --record /root/ws/build/custom_control_pkg/install.log --single-version-externally-managed install_data
[131.257s] Level 1:colcon.colcon_core.environment:checking '/root/ws/install/custom_control_pkg' for CMake config files
[131.258s] Level 1:colcon.colcon_core.environment:checking '/root/ws/install/custom_control_pkg/lib'
[131.258s] Level 1:colcon.colcon_core.environment:checking '/root/ws/install/custom_control_pkg/bin'
[131.258s] Level 1:colcon.colcon_core.environment:checking '/root/ws/install/custom_control_pkg/lib/pkgconfig/custom_control_pkg.pc'
[131.258s] Level 1:colcon.colcon_core.environment:checking '/root/ws/install/custom_control_pkg/lib/python3.10/site-packages'
[131.258s] Level 1:colcon.colcon_core.shell:create_environment_hook('custom_control_pkg', 'pythonpath')
[131.258s] INFO:colcon.colcon_core.shell:Creating environment hook '/root/ws/install/custom_control_pkg/share/custom_control_pkg/hook/pythonpath.ps1'
[131.258s] INFO:colcon.colcon_core.shell:Creating environment descriptor '/root/ws/install/custom_control_pkg/share/custom_control_pkg/hook/pythonpath.dsv'
[131.259s] INFO:colcon.colcon_core.shell:Creating environment hook '/root/ws/install/custom_control_pkg/share/custom_control_pkg/hook/pythonpath.sh'
[131.259s] Level 1:colcon.colcon_core.environment:checking '/root/ws/install/custom_control_pkg/bin'
[131.259s] Level 1:colcon.colcon_core.environment:create_environment_scripts_only(custom_control_pkg)
[131.259s] INFO:colcon.colcon_core.shell:Creating package script '/root/ws/install/custom_control_pkg/share/custom_control_pkg/package.ps1'
[131.260s] INFO:colcon.colcon_core.shell:Creating package descriptor '/root/ws/install/custom_control_pkg/share/custom_control_pkg/package.dsv'
[131.260s] INFO:colcon.colcon_core.shell:Creating package script '/root/ws/install/custom_control_pkg/share/custom_control_pkg/package.sh'
[131.260s] INFO:colcon.colcon_core.shell:Creating package script '/root/ws/install/custom_control_pkg/share/custom_control_pkg/package.bash'
[131.261s] INFO:colcon.colcon_core.shell:Creating package script '/root/ws/install/custom_control_pkg/share/custom_control_pkg/package.zsh'
[131.261s] Level 1:colcon.colcon_core.environment:create_file_with_runtime_dependencies(/root/ws/install/custom_control_pkg/share/colcon-core/packages/custom_control_pkg)
[131.261s] DEBUG:colcon.colcon_parallel_executor.executor.parallel:closing loop
[131.261s] DEBUG:colcon.colcon_parallel_executor.executor.parallel:loop closed
[131.261s] DEBUG:colcon.colcon_parallel_executor.executor.parallel:run_until_complete finished with '0'
[131.261s] DEBUG:colcon.colcon_core.event_reactor:joining thread
[131.269s] INFO:colcon.colcon_core.plugin_system:Skipping extension 'colcon_notification.desktop_notification.notify_send': Could not find 'notify-send'
[131.269s] INFO:colcon.colcon_core.plugin_system:Skipping extension 'colcon_notification.desktop_notification.terminal_notifier': Not used on non-Darwin systems
[131.269s] INFO:colcon.colcon_core.plugin_system:Skipping extension 'colcon_notification.desktop_notification.win32': Not used on non-Windows systems
[131.270s] INFO:colcon.colcon_notification.desktop_notification:Sending desktop notification using 'notify2'
[131.270s] DEBUG:colcon.colcon_notification.desktop_notification.notify2:Failed to initialize notify2: org.freedesktop.DBus.Error.NotSupported: Unable to autolaunch a dbus-daemon without a $DISPLAY for X11
[131.270s] DEBUG:colcon.colcon_core.event_reactor:joined thread
[131.270s] INFO:colcon.colcon_core.shell:Creating prefix script '/root/ws/install/local_setup.ps1'
[131.270s] INFO:colcon.colcon_core.shell:Creating prefix util module '/root/ws/install/_local_setup_util_ps1.py'
[131.271s] INFO:colcon.colcon_core.shell:Creating prefix chain script '/root/ws/install/setup.ps1'
[131.272s] INFO:colcon.colcon_core.shell:Creating prefix script '/root/ws/install/local_setup.sh'
[131.272s] INFO:colcon.colcon_core.shell:Creating prefix util module '/root/ws/install/_local_setup_util_sh.py'
[131.272s] INFO:colcon.colcon_core.shell:Creating prefix chain script '/root/ws/install/setup.sh'
[131.273s] INFO:colcon.colcon_core.shell:Creating prefix script '/root/ws/install/local_setup.bash'
[131.273s] INFO:colcon.colcon_core.shell:Creating prefix chain script '/root/ws/install/setup.bash'
[131.273s] INFO:colcon.colcon_core.shell:Creating prefix script '/root/ws/install/local_setup.zsh'
[131.274s] INFO:colcon.colcon_core.shell:Creating prefix chain script '/root/ws/install/setup.zsh'
