/root/ws/install/custom_control_pkg/lib/python3.10/site-packages/custom_control_pkg/controller_lqr.py
/root/ws/install/custom_control_pkg/lib/python3.10/site-packages/custom_control_pkg/__init__.py
/root/ws/install/custom_control_pkg/lib/python3.10/site-packages/custom_control_pkg/master_runner.py
/root/ws/install/custom_control_pkg/lib/python3.10/site-packages/custom_control_pkg/controller_test.py
/root/ws/install/custom_control_pkg/lib/python3.10/site-packages/custom_control_pkg/controller_pid.py
/root/ws/install/custom_control_pkg/lib/python3.10/site-packages/custom_control_pkg/__pycache__/controller_lqr.cpython-310.pyc
/root/ws/install/custom_control_pkg/lib/python3.10/site-packages/custom_control_pkg/__pycache__/__init__.cpython-310.pyc
/root/ws/install/custom_control_pkg/lib/python3.10/site-packages/custom_control_pkg/__pycache__/master_runner.cpython-310.pyc
/root/ws/install/custom_control_pkg/lib/python3.10/site-packages/custom_control_pkg/__pycache__/controller_test.cpython-310.pyc
/root/ws/install/custom_control_pkg/lib/python3.10/site-packages/custom_control_pkg/__pycache__/controller_pid.cpython-310.pyc
/root/ws/install/custom_control_pkg/share/ament_index/resource_index/packages/custom_control_pkg
/root/ws/install/custom_control_pkg/share/custom_control_pkg/package.xml
/root/ws/install/custom_control_pkg/lib/python3.10/site-packages/custom_control_pkg-0.0.1-py3.10.egg-info/SOURCES.txt
/root/ws/install/custom_control_pkg/lib/python3.10/site-packages/custom_control_pkg-0.0.1-py3.10.egg-info/top_level.txt
/root/ws/install/custom_control_pkg/lib/python3.10/site-packages/custom_control_pkg-0.0.1-py3.10.egg-info/dependency_links.txt
/root/ws/install/custom_control_pkg/lib/python3.10/site-packages/custom_control_pkg-0.0.1-py3.10.egg-info/requires.txt
/root/ws/install/custom_control_pkg/lib/python3.10/site-packages/custom_control_pkg-0.0.1-py3.10.egg-info/PKG-INFO
/root/ws/install/custom_control_pkg/lib/python3.10/site-packages/custom_control_pkg-0.0.1-py3.10.egg-info/zip-safe
/root/ws/install/custom_control_pkg/lib/python3.10/site-packages/custom_control_pkg-0.0.1-py3.10.egg-info/entry_points.txt
/root/ws/install/custom_control_pkg/lib/custom_control_pkg/run_bypass_test
/root/ws/install/custom_control_pkg/lib/custom_control_pkg/run_lqr
/root/ws/install/custom_control_pkg/lib/custom_control_pkg/run_pid
