running egg_info
writing ../../build/custom_control_pkg/custom_control_pkg.egg-info/PKG-INFO
writing dependency_links to ../../build/custom_control_pkg/custom_control_pkg.egg-info/dependency_links.txt
writing entry points to ../../build/custom_control_pkg/custom_control_pkg.egg-info/entry_points.txt
writing requirements to ../../build/custom_control_pkg/custom_control_pkg.egg-info/requires.txt
writing top-level names to ../../build/custom_control_pkg/custom_control_pkg.egg-info/top_level.txt
reading manifest file '../../build/custom_control_pkg/custom_control_pkg.egg-info/SOURCES.txt'
writing manifest file '../../build/custom_control_pkg/custom_control_pkg.egg-info/SOURCES.txt'
running build
running build_py
copying custom_control_pkg/controller_test.py -> /root/ws/build/custom_control_pkg/build/lib/custom_control_pkg
running install
running install_lib
copying /root/ws/build/custom_control_pkg/build/lib/custom_control_pkg/controller_test.py -> /root/ws/install/custom_control_pkg/lib/python3.10/site-packages/custom_control_pkg
byte-compiling /root/ws/install/custom_control_pkg/lib/python3.10/site-packages/custom_control_pkg/controller_test.py to controller_test.cpython-310.pyc
running install_data
running install_egg_info
removing '/root/ws/install/custom_control_pkg/lib/python3.10/site-packages/custom_control_pkg-0.0.1-py3.10.egg-info' (and everything under it)
Copying ../../build/custom_control_pkg/custom_control_pkg.egg-info to /root/ws/install/custom_control_pkg/lib/python3.10/site-packages/custom_control_pkg-0.0.1-py3.10.egg-info
running install_scripts
Installing run_bypass_test script to /root/ws/install/custom_control_pkg/lib/custom_control_pkg
Installing run_lqr script to /root/ws/install/custom_control_pkg/lib/custom_control_pkg
Installing run_pid script to /root/ws/install/custom_control_pkg/lib/custom_control_pkg
writing list of installed files to '/root/ws/build/custom_control_pkg/install.log'
